IN TLS1_ENC
SLITHEEN: adding to finish mac computation
01 00 00 84 03 03 58 2d ee cc 32 99 7a 31 53 90 90 e6 37 a7 d9 9e 0b e1 91 16 de c0 3f f8 a8 e6 ac c2 a2 e1 a6 b5 00 00 06 c0 30 00 9f 00 ff 01 00 00 55 00 0b 00 04 03 00 01 02 00 0a 00 1c 00 1a 00 17 00 19 00 1c 00 1b 00 18 00 1a 00 16 00 0e 00 0d 00 0b 00 0c 00 09 00 0a 00 23 00 00 00 0d 00 20 00 1e 06 01 06 02 06 03 05 01 05 02 05 03 04 01 04 02 04 03 03 01 03 02 03 03 02 01 02 02 02 03 00 0f 00 01 01 
IN TLS1_ENC
SLITHEEN: adding to finish mac computation
02 00 00 3e 03 03 f4 2f d5 f9 a9 69 a5 fb bb b7 20 72 95 84 a8 b8 43 50 68 c3 27 4e 1d 99 d4 ed b0 40 e7 ba 01 f5 00 c0 30 00 00 16 ff 01 00 01 00 00 0b 00 04 03 00 01 02 00 23 00 00 00 0f 00 01 01 
IN TLS1_ENC
SLITHEEN: adding to finish mac computation
0b 00 03 9f 00 03 9c 00 03 99 30 82 03 95 30 82 02 7d a0 03 02 01 02 02 09 00 e7 a0 1c cc 53 9f 1b 1f 30 0d 06 09 2a 86 48 86 f7 0d 01 01 0b 05 00 30 61 31 0b 30 09 06 03 55 04 06 13 02 43 41 31 0b 30 09 06 03 55 04 08 0c 02 4f 4e 31 0b 30 09 06 03 55 04 07 0c 02 4e 41 31 0b 30 09 06 03 55 04 0a 0c 02 4e 41 31 0b 30 09 06 03 55 04 0b 0c 02 4e 41 31 0b 30 09 06 03 55 04 03 0c 02 4e 41 31 11 30 0f 06 09 2a 86 48 86 f7 0d 01 09 01 16 02 4e 41 30 1e 17 0d 31 36 31 31 30 34 31 34 34 31 30 38 5a 17 0d 31 37 31 31 30 34 31 34 34 31 30 38 5a 30 61 31 0b 30 09 06 03 55 04 06 13 02 43 41 31 0b 30 09 06 03 55 04 08 0c 02 4f 4e 31 0b 30 09 06 03 55 04 07 0c 02 4e 41 31 0b 30 09 06 03 55 04 0a 0c 02 4e 41 31 0b 30 09 06 03 55 04 0b 0c 02 4e 41 31 0b 30 09 06 03 55 04 03 0c 02 4e 41 31 11 30 0f 06 09 2a 86 48 86 f7 0d 01 09 01 16 02 4e 41 30 82 01 22 30 0d 06 09 2a 86 48 86 f7 0d 01 01 01 05 00 03 82 01 0f 00 30 82 01 0a 02 82 01 01 00 d2 04 e1 ac d0 29 20 e8 6f f5 55 11 ca 22 94 2b 2d 47 ef b2 b5 0a bf c4 a9 5b 84 71 22 99 a8 a7 ae cf a3 2f dd 7d 10 14 fb a6 1f 54 4d 41 75 76 67 ca 31 87 9a dd e9 27 9e cf 8a 53 7a 56 6e 82 41 b6 d1 07 97 1f 2e 5a 7f 19 ec 64 35 59 a9 b5 15 75 2e 02 c6 cc 2a 93 a6 47 a6 16 d1 a7 57 9e 5e 54 ca c4 3e fc b6 f7 59 54 20 3e 80 b3 f7 af 60 ee f9 02 07 ee b6 83 8f 14 10 6a b0 f5 18 39 6d 7d 7f 29 ed 1b fe 4b 79 da a4 55 22 5a da 73 67 54 37 7e b9 1b 57 d8 4d 1f d7 57 40 85 ad 3e 95 df f0 74 b3 31 83 34 df 40 cd 71 43 07 08 32 66 31 4e c6 af a8 05 10 4c e5 36 7b bc c1 ff d5 cd ae 52 2a 56 f3 f4 ee f0 dd 05 ef 2d c9 2a 16 db ea 47 86 92 7e ad 96 37 06 78 00 8e cb 6f 49 cd 17 60 3f d7 74 a6 dd 91 31 db 2e d3 e6 ce 5a f3 e3 7c ee 8c 4b 14 3b 24 1e 34 68 32 b2 54 57 02 03 01 00 01 a3 50 30 4e 30 1d 06 03 55 1d 0e 04 16 04 14 6b b4 80 b4 0e f6 9a 4b fa 0a a1 d2 17 14 10 55 e4 c7 63 31 30 1f 06 03 55 1d 23 04 18 30 16 80 14 6b b4 80 b4 0e f6 9a 4b fa 0a a1 d2 17 14 10 55 e4 c7 63 31 30 0c 06 03 55 1d 13 04 05 30 03 01 01 ff 30 0d 06 09 2a 86 48 86 f7 0d 01 01 0b 05 00 03 82 01 01 00 8d cd 6e c7 74 67 7b b3 00 2a ba 16 93 a6 f6 32 94 af 3f c1 58 73 d8 5f eb 1d 92 c7 22 c2 17 b3 ce c6 45 e3 2d b7 eb 53 f3 6e b1 b0 14 0e b9 c2 96 0f c1 1f 67 0d c0 59 f7 cf 04 01 6f e2 66 d1 b2 c5 f6 38 c4 c5 b6 fa e3 65 e4 d2 27 8e bc 35 0f 8b d2 3f 2c 62 d1 62 58 b4 05 7b d4 7e 2c 76 62 98 3d 62 68 9b 87 26 23 5d 74 20 4e d2 1b 27 aa 70 63 4a f7 3e 55 a3 4f 74 65 27 0b 76 f1 2b 9e 1e 73 0f e6 b2 35 42 40 c5 92 01 17 cf 28 bb a0 d1 96 83 97 25 cd 04 25 c2 1f 70 af bc d7 5e 18 9a 23 24 0a 84 aa 1b 86 9f f6 6d 39 18 48 62 a8 66 e4 3a 2f 9e fb 5e 43 36 fe 2b ee eb ea 81 37 99 be d0 59 f9 de ca b9 d4 67 78 2c 7c 08 98 5f 88 90 ac 98 f2 36 eb b3 cd fd ca bb 0d f7 13 ac 8d 71 4d 01 9c ab f8 5c a6 52 b2 56 09 1b 47 1f 95 ea fb d2 2b 99 88 f6 f3 e4 3f 98 fa 6c 41 
IN TLS1_ENC
SLITHEEN: adding to finish mac computation
0c 00 01 49 03 00 17 41 04 72 e5 97 ce aa 6c 5f b5 f2 e2 86 59 ed fa 00 4a d2 2f 5a 85 8f 03 77 cb 72 99 48 35 71 b1 78 fc 07 67 fa 4e 6e 05 87 5d 8e 1a cd a1 7d 85 d6 d2 d7 f0 67 95 7f e2 2d 0e 58 da 7d d3 b3 7d fe 5b 06 01 01 00 c9 23 61 ef 3f 4c eb 0c c7 c9 9c 47 71 c0 1b 25 06 62 0e 71 79 f1 e5 2d 52 3e e9 66 dc c1 3c 95 13 ec f3 fd b6 ab c7 89 e0 cc 55 92 50 71 f0 92 00 d2 5b 7d db 79 e8 26 1f b4 23 bc 7b 6d 5b 3b b1 fa 0b 5b 44 0b 18 f0 83 35 00 d8 4f 95 97 e7 7c 81 5f 76 7d fc 89 4a 53 5d d4 36 c1 b6 ea 61 2c 89 cf e0 4a 1f e2 a4 22 3a 54 92 0e 44 d6 dc aa cd 86 15 fc 1b 7c 58 53 f9 3b fe 4d 5c 65 ee 3f 7c d1 d4 3f c9 dd c3 38 e2 df 6f c6 9a cb 89 eb af 21 8a 31 63 87 62 c8 cf 87 9d e8 f0 d9 72 e1 66 b1 65 ae f6 76 36 ed f0 48 58 6d 40 91 94 52 31 7b 5c 00 ea 87 18 b3 95 9c 42 c4 37 ed ca b1 33 85 25 a2 ed 4a f3 fe 0f 7f 82 74 0e b1 1e 9e a9 fa 25 28 8b 03 f9 9d 11 38 66 2f c6 c4 af 39 ef ae de ce a3 1d 2d 3f c5 f0 e6 17 9d dd 81 fd 8a 14 56 82 9c 66 24 58 ec de 04 7c e7 21 e9 
IN TLS1_ENC
SLITHEEN: adding to finish mac computation
0e 00 00 00 
IN TLS1_ENC
SLITHEEN: adding to finish mac computation
10 00 00 42 41 04 a9 70 7c 0a 52 7c 18 a6 48 3c d5 4b 57 59 a2 b0 b4 64 24 51 1f 99 7a 4f 67 b5 1b 85 9d 9b f2 13 27 42 5e 8a 5f 2f 3d 54 de c9 11 e4 89 b0 68 67 f0 36 2a 33 16 48 c3 f0 c0 25 f6 7a bf b4 ff 2c 
IN TLS1_ENC
IN TLS1_ENC
SLITHEEN: before Cipher
SLITHEEN: after Cipher (i=40)
SLITHEEN: adding to finish mac computation
14 00 00 0c e4 cb 6e c0 55 8b 25 9e 7c 42 e3 11 
IN TLS1_ENC
SLITHEEN: adding to finish mac computation
04 00 00 a6 00 00 1c 20 00 a0 a4 21 1b e6 b7 74 3c 6b 37 ff 50 2d 29 5d 9e 1b 75 5b 4c e2 c4 5e c3 ce f6 74 50 4f 50 23 55 cb ac de ae 3d a0 6d 4e 6c 35 95 03 0d a8 9b 5c 26 6c fe ab df 4f 89 f1 0d 3b 0f 38 73 9f 52 db a8 e3 cd 26 21 64 09 b8 a8 9f 3c ea cd f8 52 a3 75 16 8d 05 45 24 57 34 e7 aa 9a a9 9a 94 b0 26 f1 71 1a d0 4a bb 5f 45 9e 43 14 c4 81 9a 0d ce 95 e5 68 d5 fd e0 1d 72 3d 75 6f 45 cd 5d 41 89 55 c8 eb d0 86 3d 98 48 24 4c 10 08 4a 4a ab 24 5e d5 1f c3 cc be 94 a7 36 df f1 c6 09 1b ed c1 c3 
IN TLS1_ENC
IN TLS1_ENC
SLITHEEN: before Cipher
SLITHEEN: after Cipher (i=16)
SLITHEEN: Not adding finished message to mac computation:
14 00 00 0c ffffffe4 62 ffffff89 fffffff7 ffffff85 ffffffe7 61 44 69 54 ffffffcd ffffffd2 
SLITHEEN: adding to finish mac computation
14 00 00 0c e4 62 89 f7 85 e7 61 44 69 54 cd d2 
MAC was correctly modified!
IN TLS1_ENC
SLITHEEN: before Cipher
SLITHEEN: after Cipher (i=26)
L_connect: SSLv3 read server session ticket A
	rec->input= 01
	rec->input= da 2f 6f f9 e3 9d 1a 2c 2c 45 67 61 b1 77 6a 12 0b ee e9 bc e9 f2 7c 50 db 9d 23 de 8e 5c d8 69 56 86 67 82 94 3e 95 87
EVP_Cipher(ds=0x22e15a0,rec->data=0x22cdd68,rec->input=0x22cdd68,l=40) ==>
		IV: 2B87A3310000000000000000
	rec->input= da 2f 6f f9 e3 9d 1a 2c 2c 45 67 61 b1 77 6a 12 0b ee e9 bc e9 f2 7c 50 db 9d 23 de 8e 5c d8 69 56 86 67 82 94 3e 95 87
	rec->data= 14 00 00 0c e4 62 89 f7 85 e7 61 44 69 54 cd d2 db 9d 23 de 8e 5c d8 69 56 86 67 82 94 3e 95 87 55 cb ac de ae 3d a0 6d
	rec->input= 55 1e 31 1b ca c4 ab 77 02 33
EVP_Cipher(ds=0x22df660,rec->data=0x22d62b8,rec->input=0x22d62b8,l=26) ==>
		IV: BB870C5F551E311BCAC4AB78
	rec->input= 55 1e 31 1b ca c4 ab 77 02 33 61 2f 75 4a fa 85 25 e1 c4 8f 26 21 f5 a0 ec e8
	rec->data= 55 1e 31 1b ca c4 ab 78 7c 59 a0 a5 ba d7 a1 a9 ce 00 d8 9e a9 5c ba 32 42 2f
SSL3 alert write:fatal:decrypt error
SSL_connect:failed in SSLv3 read finished B
ssl handshake failure
139735979943584:error:1408C095:SSL routines:ssl3_get_finished:digest check failed:s3_both.c:275:
