IN TLS1_ENC
SLITHEEN: adding to finish mac computation
01 00 00 84 03 03 44 0e d7 c9 03 58 40 58 c8 da 5c d3 48 7e 66 91 e5 03 83 c3 d6 b6 22 20 2f f4 19 af 3c e3 11 75 00 00 06 c0 30 00 9f 00 ff 01 00 00 55 00 0b 00 04 03 00 01 02 00 0a 00 1c 00 1a 00 17 00 19 00 1c 00 1b 00 18 00 1a 00 16 00 0e 00 0d 00 0b 00 0c 00 09 00 0a 00 23 00 00 00 0d 00 20 00 1e 06 01 06 02 06 03 05 01 05 02 05 03 04 01 04 02 04 03 03 01 03 02 03 03 02 01 02 02 02 03 00 0f 00 01 01 
IN TLS1_ENC
SLITHEEN: adding to finish mac computation
02 00 00 3e 03 03 a3 49 7b 76 d0 44 18 d4 63 90 96 05 e3 17 e8 94 56 52 7a 36 d6 c0 4b 43 77 7e e9 01 92 16 e2 a1 00 c0 30 00 00 16 ff 01 00 01 00 00 0b 00 04 03 00 01 02 00 23 00 00 00 0f 00 01 01 
IN TLS1_ENC
SLITHEEN: adding to finish mac computation
0b 00 03 9f 00 03 9c 00 03 99 30 82 03 95 30 82 02 7d a0 03 02 01 02 02 09 00 e7 a0 1c cc 53 9f 1b 1f 30 0d 06 09 2a 86 48 86 f7 0d 01 01 0b 05 00 30 61 31 0b 30 09 06 03 55 04 06 13 02 43 41 31 0b 30 09 06 03 55 04 08 0c 02 4f 4e 31 0b 30 09 06 03 55 04 07 0c 02 4e 41 31 0b 30 09 06 03 55 04 0a 0c 02 4e 41 31 0b 30 09 06 03 55 04 0b 0c 02 4e 41 31 0b 30 09 06 03 55 04 03 0c 02 4e 41 31 11 30 0f 06 09 2a 86 48 86 f7 0d 01 09 01 16 02 4e 41 30 1e 17 0d 31 36 31 31 30 34 31 34 34 31 30 38 5a 17 0d 31 37 31 31 30 34 31 34 34 31 30 38 5a 30 61 31 0b 30 09 06 03 55 04 06 13 02 43 41 31 0b 30 09 06 03 55 04 08 0c 02 4f 4e 31 0b 30 09 06 03 55 04 07 0c 02 4e 41 31 0b 30 09 06 03 55 04 0a 0c 02 4e 41 31 0b 30 09 06 03 55 04 0b 0c 02 4e 41 31 0b 30 09 06 03 55 04 03 0c 02 4e 41 31 11 30 0f 06 09 2a 86 48 86 f7 0d 01 09 01 16 02 4e 41 30 82 01 22 30 0d 06 09 2a 86 48 86 f7 0d 01 01 01 05 00 03 82 01 0f 00 30 82 01 0a 02 82 01 01 00 d2 04 e1 ac d0 29 20 e8 6f f5 55 11 ca 22 94 2b 2d 47 ef b2 b5 0a bf c4 a9 5b 84 71 22 99 a8 a7 ae cf a3 2f dd 7d 10 14 fb a6 1f 54 4d 41 75 76 67 ca 31 87 9a dd e9 27 9e cf 8a 53 7a 56 6e 82 41 b6 d1 07 97 1f 2e 5a 7f 19 ec 64 35 59 a9 b5 15 75 2e 02 c6 cc 2a 93 a6 47 a6 16 d1 a7 57 9e 5e 54 ca c4 3e fc b6 f7 59 54 20 3e 80 b3 f7 af 60 ee f9 02 07 ee b6 83 8f 14 10 6a b0 f5 18 39 6d 7d 7f 29 ed 1b fe 4b 79 da a4 55 22 5a da 73 67 54 37 7e b9 1b 57 d8 4d 1f d7 57 40 85 ad 3e 95 df f0 74 b3 31 83 34 df 40 cd 71 43 07 08 32 66 31 4e c6 af a8 05 10 4c e5 36 7b bc c1 ff d5 cd ae 52 2a 56 f3 f4 ee f0 dd 05 ef 2d c9 2a 16 db ea 47 86 92 7e ad 96 37 06 78 00 8e cb 6f 49 cd 17 60 3f d7 74 a6 dd 91 31 db 2e d3 e6 ce 5a f3 e3 7c ee 8c 4b 14 3b 24 1e 34 68 32 b2 54 57 02 03 01 00 01 a3 50 30 4e 30 1d 06 03 55 1d 0e 04 16 04 14 6b b4 80 b4 0e f6 9a 4b fa 0a a1 d2 17 14 10 55 e4 c7 63 31 30 1f 06 03 55 1d 23 04 18 30 16 80 14 6b b4 80 b4 0e f6 9a 4b fa 0a a1 d2 17 14 10 55 e4 c7 63 31 30 0c 06 03 55 1d 13 04 05 30 03 01 01 ff 30 0d 06 09 2a 86 48 86 f7 0d 01 01 0b 05 00 03 82 01 01 00 8d cd 6e c7 74 67 7b b3 00 2a ba 16 93 a6 f6 32 94 af 3f c1 58 73 d8 5f eb 1d 92 c7 22 c2 17 b3 ce c6 45 e3 2d b7 eb 53 f3 6e b1 b0 14 0e b9 c2 96 0f c1 1f 67 0d c0 59 f7 cf 04 01 6f e2 66 d1 b2 c5 f6 38 c4 c5 b6 fa e3 65 e4 d2 27 8e bc 35 0f 8b d2 3f 2c 62 d1 62 58 b4 05 7b d4 7e 2c 76 62 98 3d 62 68 9b 87 26 23 5d 74 20 4e d2 1b 27 aa 70 63 4a f7 3e 55 a3 4f 74 65 27 0b 76 f1 2b 9e 1e 73 0f e6 b2 35 42 40 c5 92 01 17 cf 28 bb a0 d1 96 83 97 25 cd 04 25 c2 1f 70 af bc d7 5e 18 9a 23 24 0a 84 aa 1b 86 9f f6 6d 39 18 48 62 a8 66 e4 3a 2f 9e fb 5e 43 36 fe 2b ee eb ea 81 37 99 be d0 59 f9 de ca b9 d4 67 78 2c 7c 08 98 5f 88 90 ac 98 f2 36 eb b3 cd fd ca bb 0d f7 13 ac 8d 71 4d 01 9c ab f8 5c a6 52 b2 56 09 1b 47 1f 95 ea fb d2 2b 99 88 f6 f3 e4 3f 98 fa 6c 41 
IN TLS1_ENC
SLITHEEN: adding to finish mac computation
0c 00 01 49 03 00 17 41 04 12 75 7c a4 0c ab cc af d4 21 be a8 a4 83 b1 cb 95 af 80 bc 1d 7d dc 44 81 7c 37 e3 af 81 9f 92 53 cc 83 b3 68 83 56 49 a4 aa be 60 ae e5 d9 b9 e1 87 56 6d 7c 1f 1b 16 4b c1 bd 65 1c 4a db 40 06 01 01 00 39 a2 04 c5 13 e5 b6 99 4d a2 78 5c 78 b3 6c da 66 90 d9 fa 52 a8 9f ed bf 9b 91 5a eb 50 6f f5 7d d2 e9 44 e1 2e 48 29 a4 3d de 05 63 20 b9 bb 4b 3e d0 ce d7 69 19 1c c2 6b bf 05 70 0f db 2c 07 21 bc 4e 5f 7d 9e 6b 7a f1 37 00 4a e0 20 6a 04 